
> ytpilot-frontend@0.1.0 dev
> next dev --port 3000

   ▲ Next.js 15.3.1
   - Local:        http://localhost:3000
   - Network:      http://10.50.253.231:3000

 ✓ Starting...
 ✓ Ready in 4s
 ○ Compiling / ...
 ✓ Compiled / in 8.4s (1560 modules)
 GET / 200 in 9119ms
 GET / 200 in 154ms
 GET / 200 in 124ms
 ○ Compiling /icon.svg ...
 ✓ Compiled /icon.svg in 624ms (826 modules)
 GET /icon.svg 200 in 795ms
 ✓ Compiled in 2.3s (1560 modules)
 GET / 200 in 405ms
 ✓ Compiled /icon.svg in 381ms (826 modules)
 GET /icon.svg 200 in 635ms
 GET /icon.svg 200 in 13ms
 ✓ Compiled in 1707ms (1564 modules)
 GET / 200 in 468ms
 ✓ Compiled /icon.svg in 313ms (828 modules)
 GET /icon.svg 200 in 506ms
 GET / 200 in 398ms
 GET / 200 in 107ms
 GET /icon.svg 200 in 22ms
 GET / 200 in 110ms
 GET /icon.svg 200 in 9ms
